===== logs/hardware-scenarios/scenario-1-fire-emergency.log =====
[PROPERTY] HeaterOffDuringFire: temp=38 > 35, fire alert, heater forced OFF ✓
[PROPERTY] FireKeepsDoorOpen: fireActive=true, door being OPENED ✓
[PROPERTY] EmergencyImpliesAlarmOrHistory: emergencyActive=true, fireActive=true ✓
[PROPERTY] HeaterOffDuringFire: temp=38 > 35, fire alert, heater forced OFF ✓
[PROPERTY] HeaterOffDuringFire: temp=38 > 35, fire alert, heater forced OFF ✓
[PROPERTY] HeaterOffDuringFire: temp=38 > 35, fire alert, heater forced OFF ✓
[PROPERTY] HeaterOffDuringFire: temp=38 > 35, fire alert, heater forced OFF ✓

===== logs/hardware-scenarios/scenario-2-intrusion-stealth.log =====
[PROPERTY] EmergencyImpliesAlarmOrHistory: emergencyActive=true, intrusionActive=true ✓
[PROPERTY] LightOffDuringIntrusionOverride: lightOverride=true, lightIsOn=false ✓
[PROPERTY] LightOffDuringIntrusionOverride: lightOverride=true, ignoring light update
[PROPERTY] LightOffDuringIntrusionOverride: lightOverride=true, ignoring light update
[PROPERTY] LightOffDuringIntrusionOverride: lightOverride=true, ignoring light update
[PROPERTY] LightOffDuringIntrusionOverride: lightOverride=true, ignoring light update

===== logs/hardware-scenarios/scenario-3-fire-overrides-intrusion.log =====
[PROPERTY] HeaterOffDuringFire: temp=38 > 35, fire alert, heater forced OFF ✓
[PROPERTY] FireKeepsDoorOpen: fireActive=true, door being OPENED ✓
[PROPERTY] EmergencyImpliesAlarmOrHistory: emergencyActive=true, fireActive=true ✓
[INFO] Unwanted person alert IGNORED (fire is active) -> DOOR REMAINS OPEN
[PROPERTY] FireOverridesIntrusion: fireActive=true, intrusion alert IGNORED ✓
[PROPERTY] FireKeepsDoorOpen: fireActive=true, door remains OPEN ✓
[PROPERTY] HeaterOffDuringFire: temp=38 > 35, fire alert, heater forced OFF ✓
[INFO] Unwanted person alert IGNORED (fire is active) -> DOOR REMAINS OPEN
[PROPERTY] FireOverridesIntrusion: fireActive=true, intrusion alert IGNORED ✓
[PROPERTY] FireKeepsDoorOpen: fireActive=true, door remains OPEN ✓
[PROPERTY] HeaterOffDuringFire: temp=38 > 35, fire alert, heater forced OFF ✓
[INFO] Unwanted person alert IGNORED (fire is active) -> DOOR REMAINS OPEN
[PROPERTY] FireOverridesIntrusion: fireActive=true, intrusion alert IGNORED ✓
[PROPERTY] FireKeepsDoorOpen: fireActive=true, door remains OPEN ✓
[PROPERTY] HeaterOffDuringFire: temp=38 > 35, fire alert, heater forced OFF ✓
[INFO] Unwanted person alert IGNORED (fire is active) -> DOOR REMAINS OPEN
[PROPERTY] FireOverridesIntrusion: fireActive=true, intrusion alert IGNORED ✓
[PROPERTY] FireKeepsDoorOpen: fireActive=true, door remains OPEN ✓
[PROPERTY] HeaterOffDuringFire: temp=38 > 35, fire alert, heater forced OFF ✓
[INFO] Unwanted person alert IGNORED (fire is active) -> DOOR REMAINS OPEN
[PROPERTY] FireOverridesIntrusion: fireActive=true, intrusion alert IGNORED ✓
[PROPERTY] FireKeepsDoorOpen: fireActive=true, door remains OPEN ✓

===== logs/hardware-scenarios/scenario-4-normal-baseline.log =====

===== logs/hardware-scenarios/scenario-5-cold-temperature.log =====

