/Users/ali/Desktop/ReLico/esp32/smarthome/logs/hardware-scenarios/scenario-1-fire-emergency.log:[PROPERTY] HeaterOffDuringFire: temp=38 > 35, fire alert, heater forced OFF ✓
/Users/ali/Desktop/ReLico/esp32/smarthome/logs/hardware-scenarios/scenario-1-fire-emergency.log:[PROPERTY] FireKeepsDoorOpen: fireActive=true, door being OPENED ✓
/Users/ali/Desktop/ReLico/esp32/smarthome/logs/hardware-scenarios/scenario-1-fire-emergency.log:[PROPERTY] EmergencyImpliesAlarmOrHistory: emergencyActive=true, fireActive=true ✓
/Users/ali/Desktop/ReLico/esp32/smarthome/logs/hardware-scenarios/scenario-1-fire-emergency.log:[PROPERTY] HeaterOffDuringFire: temp=38 > 35, fire alert, heater forced OFF ✓
/Users/ali/Desktop/ReLico/esp32/smarthome/logs/hardware-scenarios/scenario-1-fire-emergency.log:[PROPERTY] HeaterOffDuringFire: temp=38 > 35, fire alert, heater forced OFF ✓
/Users/ali/Desktop/ReLico/esp32/smarthome/logs/hardware-scenarios/scenario-1-fire-emergency.log:[PROPERTY] HeaterOffDuringFire: temp=38 > 35, fire alert, heater forced OFF ✓
/Users/ali/Desktop/ReLico/esp32/smarthome/logs/hardware-scenarios/scenario-1-fire-emergency.log:[PROPERTY] HeaterOffDuringFire: temp=38 > 35, fire alert, heater forced OFF ✓
/Users/ali/Desktop/ReLico/esp32/smarthome/logs/hardware-scenarios/scenario-2-intrusion-stealth.log:[PROPERTY] EmergencyImpliesAlarmOrHistory: emergencyActive=true, intrusionActive=true ✓
/Users/ali/Desktop/ReLico/esp32/smarthome/logs/hardware-scenarios/scenario-2-intrusion-stealth.log:[PROPERTY] LightOffDuringIntrusionOverride: lightOverride=true, lightIsOn=false ✓
/Users/ali/Desktop/ReLico/esp32/smarthome/logs/hardware-scenarios/scenario-2-intrusion-stealth.log:[PROPERTY] LightOffDuringIntrusionOverride: lightOverride=true, ignoring light update
/Users/ali/Desktop/ReLico/esp32/smarthome/logs/hardware-scenarios/scenario-2-intrusion-stealth.log:[PROPERTY] LightOffDuringIntrusionOverride: lightOverride=true, ignoring light update
/Users/ali/Desktop/ReLico/esp32/smarthome/logs/hardware-scenarios/scenario-2-intrusion-stealth.log:[PROPERTY] LightOffDuringIntrusionOverride: lightOverride=true, ignoring light update
/Users/ali/Desktop/ReLico/esp32/smarthome/logs/hardware-scenarios/scenario-2-intrusion-stealth.log:[PROPERTY] LightOffDuringIntrusionOverride: lightOverride=true, ignoring light update
/Users/ali/Desktop/ReLico/esp32/smarthome/logs/hardware-scenarios/scenario-3-fire-overrides-intrusion.log:[PROPERTY] HeaterOffDuringFire: temp=38 > 35, fire alert, heater forced OFF ✓
/Users/ali/Desktop/ReLico/esp32/smarthome/logs/hardware-scenarios/scenario-3-fire-overrides-intrusion.log:[PROPERTY] FireKeepsDoorOpen: fireActive=true, door being OPENED ✓
/Users/ali/Desktop/ReLico/esp32/smarthome/logs/hardware-scenarios/scenario-3-fire-overrides-intrusion.log:[PROPERTY] EmergencyImpliesAlarmOrHistory: emergencyActive=true, fireActive=true ✓
/Users/ali/Desktop/ReLico/esp32/smarthome/logs/hardware-scenarios/scenario-3-fire-overrides-intrusion.log:[PROPERTY] FireOverridesIntrusion: fireActive=true, intrusion alert IGNORED ✓
/Users/ali/Desktop/ReLico/esp32/smarthome/logs/hardware-scenarios/scenario-3-fire-overrides-intrusion.log:[PROPERTY] FireKeepsDoorOpen: fireActive=true, door remains OPEN ✓
/Users/ali/Desktop/ReLico/esp32/smarthome/logs/hardware-scenarios/scenario-3-fire-overrides-intrusion.log:[PROPERTY] HeaterOffDuringFire: temp=38 > 35, fire alert, heater forced OFF ✓
/Users/ali/Desktop/ReLico/esp32/smarthome/logs/hardware-scenarios/scenario-3-fire-overrides-intrusion.log:[PROPERTY] FireOverridesIntrusion: fireActive=true, intrusion alert IGNORED ✓
/Users/ali/Desktop/ReLico/esp32/smarthome/logs/hardware-scenarios/scenario-3-fire-overrides-intrusion.log:[PROPERTY] FireKeepsDoorOpen: fireActive=true, door remains OPEN ✓
/Users/ali/Desktop/ReLico/esp32/smarthome/logs/hardware-scenarios/scenario-3-fire-overrides-intrusion.log:[PROPERTY] HeaterOffDuringFire: temp=38 > 35, fire alert, heater forced OFF ✓
/Users/ali/Desktop/ReLico/esp32/smarthome/logs/hardware-scenarios/scenario-3-fire-overrides-intrusion.log:[PROPERTY] FireOverridesIntrusion: fireActive=true, intrusion alert IGNORED ✓
/Users/ali/Desktop/ReLico/esp32/smarthome/logs/hardware-scenarios/scenario-3-fire-overrides-intrusion.log:[PROPERTY] FireKeepsDoorOpen: fireActive=true, door remains OPEN ✓
/Users/ali/Desktop/ReLico/esp32/smarthome/logs/hardware-scenarios/scenario-3-fire-overrides-intrusion.log:[PROPERTY] HeaterOffDuringFire: temp=38 > 35, fire alert, heater forced OFF ✓
/Users/ali/Desktop/ReLico/esp32/smarthome/logs/hardware-scenarios/scenario-3-fire-overrides-intrusion.log:[PROPERTY] FireOverridesIntrusion: fireActive=true, intrusion alert IGNORED ✓
/Users/ali/Desktop/ReLico/esp32/smarthome/logs/hardware-scenarios/scenario-3-fire-overrides-intrusion.log:[PROPERTY] FireKeepsDoorOpen: fireActive=true, door remains OPEN ✓
/Users/ali/Desktop/ReLico/esp32/smarthome/logs/hardware-scenarios/scenario-3-fire-overrides-intrusion.log:[PROPERTY] HeaterOffDuringFire: temp=38 > 35, fire alert, heater forced OFF ✓
/Users/ali/Desktop/ReLico/esp32/smarthome/logs/hardware-scenarios/scenario-3-fire-overrides-intrusion.log:[PROPERTY] FireOverridesIntrusion: fireActive=true, intrusion alert IGNORED ✓
/Users/ali/Desktop/ReLico/esp32/smarthome/logs/hardware-scenarios/scenario-3-fire-overrides-intrusion.log:[PROPERTY] FireKeepsDoorOpen: fireActive=true, door remains OPEN ✓
